{
  "$schema": "http://json-schema.org/draft-07/schema",
  "$id": "http://example.com/example.json",
  "type": "object",
  "title": "The root schema",
  "description": "The root schema comprises the entire JSON document.",
  "default": {},
  "examples": [
    {
      "featureState": "NOT_SELECTED_YET",
      "userProfilePictures": [
        {
          "userPseudo": "pseudo",
          "mediaType": "IMAGE_JPEG",
          "versionId": "v0",
          "featured": true
        }
      ]
    }
  ],
  "required": [
    "featureState",
    "userProfilePictures"
  ],
  "properties": {
    "featureState": {
      "$id": "#/properties/featureState",
      "type": "string",
      "title": "The featureState schema",
      "description": "An explanation about the purpose of this instance.",
      "default": "",
      "examples": [
        "NOT_SELECTED_YET"
      ]
    },
    "userProfilePictures": {
      "$id": "#/properties/userProfilePictures",
      "type": "array",
      "title": "The userProfilePictures schema",
      "description": "An explanation about the purpose of this instance.",
      "default": [],
      "examples": [
        [
          {
            "userPseudo": "pseudo",
            "mediaType": "IMAGE_JPEG",
            "versionId": "v0",
            "featured": true
          }
        ]
      ],
      "additionalItems": true,
      "items": {
        "$id": "#/properties/userProfilePictures/items",
        "anyOf": [
          {
            "$id": "#/properties/userProfilePictures/items/anyOf/0",
            "type": "object",
            "title": "The first anyOf schema",
            "description": "An explanation about the purpose of this instance.",
            "default": {},
            "examples": [
              {
                "userPseudo": "pseudo",
                "mediaType": "IMAGE_JPEG",
                "versionId": "v0",
                "featured": true
              }
            ],
            "required": [
              "userPseudo",
              "mediaType",
              "versionId",
              "featured"
            ],
            "properties": {
              "userPseudo": {
                "$id": "#/properties/userProfilePictures/items/anyOf/0/properties/userPseudo",
                "type": "string",
                "title": "The userPseudo schema",
                "description": "An explanation about the purpose of this instance.",
                "default": "",
                "examples": [
                  "pseudo"
                ]
              },
              "mediaType": {
                "$id": "#/properties/userProfilePictures/items/anyOf/0/properties/mediaType",
                "type": "string",
                "title": "The mediaType schema",
                "description": "An explanation about the purpose of this instance.",
                "default": "",
                "examples": [
                  "IMAGE_JPEG"
                ]
              },
              "versionId": {
                "$id": "#/properties/userProfilePictures/items/anyOf/0/properties/versionId",
                "type": "string",
                "title": "The versionId schema",
                "description": "An explanation about the purpose of this instance.",
                "default": "",
                "examples": [
                  "v0"
                ]
              },
              "featured": {
                "$id": "#/properties/userProfilePictures/items/anyOf/0/properties/featured",
                "type": "boolean",
                "title": "The featured schema",
                "description": "An explanation about the purpose of this instance.",
                "default": false,
                "examples": [
                  true
                ]
              }
            },
            "additionalProperties": false
          }
        ]
      }
    }
  },
  "additionalProperties": false
}